// Jest Snapshot v1, https://goo.gl/fbAQLP

exports[`renders a snapshot 1`] = `
<div
  className="card"
>
  <div
    className="card"
  >
    <img
      className="card-img"
      src="Avatar.png"
    />
    <div
      className="card-body"
    >
      <div
        className="card-title h5"
      >
        Richard Foil
      </div>
      <p
        className="card-text"
      >
        I am a software Dev student and a part time Cook
      </p>
    </div>
  </div>
</div>
`;
